2026-09-13T03:26:24.229054+00:00	RUN	now recording run_id=E_duration_rep2 -> C:\r3\data\subscriber_E_duration_rep2.csv
2026-09-13T03:26:24.229054+00:00	LEVEL	E05 -> idle (state=idle)
2026-09-13T03:26:28.406143+00:00	SAMPLE_GAP	4.2s between samples
2026-09-13T03:26:32.580084+00:00	SAMPLE_GAP	4.2s between samples
2026-09-13T03:26:36.752342+00:00	SAMPLE_GAP	4.2s between samples
2026-09-13T03:26:52.780338+00:00	SAMPLE_GAP	4.2s between samples
2026-09-13T03:26:56.940975+00:00	SAMPLE_GAP	16.0s between samples
2026-09-13T03:27:01.160104+00:00	SAMPLE_GAP	4.2s between samples
2026-09-13T03:27:05.473398+00:00	SAMPLE_GAP	4.2s between samples
2026-09-13T03:27:09.630032+00:00	SAMPLE_GAP	4.3s between samples
2026-09-13T03:27:13.817910+00:00	SAMPLE_GAP	4.2s between samples
2026-09-13T03:27:18.006209+00:00	SAMPLE_GAP	4.2s between samples
2026-09-13T03:27:22.178464+00:00	SAMPLE_GAP	4.2s between samples
2026-09-13T03:27:26.351130+00:00	SAMPLE_GAP	4.2s between samples
2026-09-13T03:27:30.523383+00:00	SAMPLE_GAP	4.2s between samples
2026-09-13T03:27:34.695635+00:00	SAMPLE_GAP	4.2s between samples
2026-09-13T03:27:38.868301+00:00	SAMPLE_GAP	4.2s between samples
2026-09-13T03:27:43.040561+00:00	SAMPLE_GAP	4.2s between samples
2026-09-13T03:27:47.213219+00:00	SAMPLE_GAP	4.2s between samples
2026-09-13T03:27:51.463599+00:00	SAMPLE_GAP	4.2s between samples
2026-09-13T03:27:55.729606+00:00	SAMPLE_GAP	4.3s between samples
2026-09-13T03:28:00.027265+00:00	SAMPLE_GAP	4.3s between samples
2026-09-13T03:28:04.433889+00:00	SAMPLE_GAP	4.3s between samples
2026-09-13T03:28:08.685395+00:00	SAMPLE_GAP	4.4s between samples
2026-09-13T03:28:12.998277+00:00	SAMPLE_GAP	4.3s between samples
2026-09-13T03:28:17.217823+00:00	SAMPLE_GAP	4.3s between samples
2026-09-13T03:28:21.390097+00:00	SAMPLE_GAP	4.2s between samples
2026-09-13T03:28:25.562365+00:00	SAMPLE_GAP	4.2s between samples
2026-09-13T03:28:29.735035+00:00	SAMPLE_GAP	4.2s between samples
2026-09-13T03:28:33.891672+00:00	SAMPLE_GAP	4.2s between samples
2026-09-13T03:28:38.095186+00:00	SAMPLE_GAP	4.2s between samples
2026-09-13T03:28:42.267853+00:00	SAMPLE_GAP	4.2s between samples
2026-09-13T03:28:46.518234+00:00	SAMPLE_GAP	4.2s between samples
2026-09-13T03:28:50.690503+00:00	SAMPLE_GAP	4.3s between samples
2026-09-13T03:28:54.862751+00:00	SAMPLE_GAP	4.2s between samples
2026-09-13T03:28:59.222507+00:00	SAMPLE_GAP	4.2s between samples
2026-09-13T03:29:03.535798+00:00	SAMPLE_GAP	4.4s between samples
2026-09-13T03:29:07.989307+00:00	SAMPLE_GAP	4.3s between samples
2026-09-13T03:29:12.382589+00:00	SAMPLE_GAP	4.5s between samples
2026-09-13T03:29:16.711107+00:00	SAMPLE_GAP	4.4s between samples
2026-09-13T03:29:20.899401+00:00	SAMPLE_GAP	4.3s between samples
2026-09-13T03:29:25.071656+00:00	SAMPLE_GAP	4.2s between samples
2026-09-13T03:29:29.384940+00:00	SAMPLE_GAP	4.2s between samples
2026-09-13T03:29:33.603665+00:00	SAMPLE_GAP	4.3s between samples
2026-09-13T03:29:37.947800+00:00	SAMPLE_GAP	4.2s between samples
2026-09-13T03:29:44.819357+00:00	SAMPLE_GAP	4.3s between samples
2026-09-13T03:29:49.114570+00:00	SAMPLE_GAP	6.9s between samples
2026-09-13T03:29:53.287234+00:00	SAMPLE_GAP	4.3s between samples
2026-09-13T03:29:57.459485+00:00	SAMPLE_GAP	4.2s between samples
2026-09-13T03:30:01.631739+00:00	SAMPLE_GAP	4.2s between samples
2026-09-13T03:30:05.804398+00:00	SAMPLE_GAP	4.2s between samples
2026-09-13T03:30:09.976652+00:00	SAMPLE_GAP	4.2s between samples
2026-09-13T03:30:14.148905+00:00	SAMPLE_GAP	4.2s between samples
2026-09-13T03:30:18.477823+00:00	SAMPLE_GAP	4.2s between samples
2026-09-13T03:30:22.821949+00:00	SAMPLE_GAP	4.3s between samples
2026-09-13T03:30:27.025856+00:00	SAMPLE_GAP	4.3s between samples
2026-09-13T03:30:31.276240+00:00	SAMPLE_GAP	4.2s between samples
2026-09-13T03:30:35.448903+00:00	SAMPLE_GAP	4.3s between samples
2026-09-13T03:30:39.621158+00:00	SAMPLE_GAP	4.2s between samples
2026-09-13T03:30:43.981290+00:00	SAMPLE_GAP	4.2s between samples
2026-09-13T03:30:48.169586+00:00	SAMPLE_GAP	4.4s between samples
2026-09-13T03:30:52.513728+00:00	SAMPLE_GAP	4.2s between samples
2026-09-13T03:30:56.905153+00:00	SAMPLE_GAP	4.3s between samples
2026-09-13T03:31:01.264920+00:00	SAMPLE_GAP	4.4s between samples
2026-09-13T03:31:05.531367+00:00	SAMPLE_GAP	4.4s between samples
2026-09-13T03:31:09.719263+00:00	SAMPLE_GAP	4.3s between samples
2026-09-13T03:31:13.891520+00:00	SAMPLE_GAP	4.2s between samples
2026-09-13T03:31:18.126690+00:00	SAMPLE_GAP	4.2s between samples
2026-09-13T03:31:22.298437+00:00	SAMPLE_GAP	4.2s between samples
2026-09-13T03:31:26.471106+00:00	SAMPLE_GAP	4.2s between samples
2026-09-13T03:31:30.721495+00:00	SAMPLE_GAP	4.2s between samples
2026-09-13T03:31:34.893753+00:00	SAMPLE_GAP	4.3s between samples
2026-09-13T03:31:39.160184+00:00	SAMPLE_GAP	4.2s between samples
2026-09-13T03:31:43.394945+00:00	SAMPLE_GAP	4.3s between samples
2026-09-13T03:31:47.692614+00:00	SAMPLE_GAP	4.2s between samples
2026-09-13T03:31:51.864875+00:00	SAMPLE_GAP	4.3s between samples
2026-09-13T03:31:56.130891+00:00	SAMPLE_GAP	4.2s between samples
2026-09-13T03:32:00.428049+00:00	SAMPLE_GAP	4.3s between samples
2026-09-13T03:32:04.740931+00:00	SAMPLE_GAP	4.3s between samples
2026-09-13T03:32:08.929240+00:00	SAMPLE_GAP	4.3s between samples
2026-09-13T03:32:13.101502+00:00	SAMPLE_GAP	4.2s between samples
2026-09-13T03:32:17.289396+00:00	SAMPLE_GAP	4.2s between samples
2026-09-13T03:32:21.633951+00:00	SAMPLE_GAP	4.2s between samples
2026-09-13T03:32:26.024965+00:00	SAMPLE_GAP	4.3s between samples
2026-09-13T03:32:30.197651+00:00	SAMPLE_GAP	4.4s between samples
2026-09-13T03:32:34.416794+00:00	SAMPLE_GAP	4.2s between samples
2026-09-13T03:32:42.037432+00:00	SAMPLE_GAP	4.2s between samples
2026-09-13T03:32:46.310393+00:00	SAMPLE_GAP	7.6s between samples
2026-09-13T03:32:50.470637+00:00	SAMPLE_GAP	4.3s between samples
2026-09-13T03:32:54.658109+00:00	SAMPLE_GAP	4.2s between samples
2026-09-13T03:32:58.830372+00:00	SAMPLE_GAP	4.2s between samples
2026-09-13T03:33:02.987425+00:00	SAMPLE_GAP	4.2s between samples
2026-09-13T03:33:07.175310+00:00	SAMPLE_GAP	4.2s between samples
2026-09-13T03:33:11.347567+00:00	SAMPLE_GAP	4.2s between samples
2026-09-13T03:33:15.520237+00:00	SAMPLE_GAP	4.2s between samples
2026-09-13T03:33:19.692487+00:00	SAMPLE_GAP	4.2s between samples
2026-09-13T03:33:23.865155+00:00	SAMPLE_GAP	4.2s between samples
2026-09-13T03:33:28.037412+00:00	SAMPLE_GAP	4.2s between samples
2026-09-13T03:33:32.209667+00:00	SAMPLE_GAP	4.2s between samples
2026-09-13T03:33:36.381827+00:00	SAMPLE_GAP	4.2s between samples
2026-09-13T03:33:40.554078+00:00	SAMPLE_GAP	4.2s between samples
2026-09-13T03:33:44.726747+00:00	SAMPLE_GAP	4.2s between samples
2026-09-13T03:33:48.899001+00:00	SAMPLE_GAP	4.2s between samples
2026-09-13T03:33:53.071259+00:00	SAMPLE_GAP	4.2s between samples
2026-09-13T03:33:57.243919+00:00	SAMPLE_GAP	4.2s between samples
2026-09-13T03:34:01.416177+00:00	SAMPLE_GAP	4.2s between samples
2026-09-13T03:34:05.588835+00:00	SAMPLE_GAP	4.2s between samples
2026-09-13T03:34:09.761102+00:00	SAMPLE_GAP	4.2s between samples
2026-09-13T03:34:13.933363+00:00	SAMPLE_GAP	4.2s between samples
2026-09-13T03:34:18.105529+00:00	SAMPLE_GAP	4.2s between samples
2026-09-13T03:34:22.277781+00:00	SAMPLE_GAP	4.2s between samples
2026-09-13T03:34:26.544199+00:00	SAMPLE_GAP	4.2s between samples
2026-09-13T03:34:30.732087+00:00	SAMPLE_GAP	4.3s between samples
2026-09-13T03:34:34.904341+00:00	SAMPLE_GAP	4.2s between samples
2026-09-13T03:34:39.077030+00:00	SAMPLE_GAP	4.2s between samples
2026-09-13T03:34:43.249283+00:00	SAMPLE_GAP	4.2s between samples
2026-09-13T03:34:47.421962+00:00	SAMPLE_GAP	4.2s between samples
2026-09-13T03:34:51.641094+00:00	SAMPLE_GAP	4.2s between samples
2026-09-13T03:34:55.813354+00:00	SAMPLE_GAP	4.2s between samples
2026-09-13T03:35:00.032887+00:00	SAMPLE_GAP	4.2s between samples
2026-09-13T03:35:04.252021+00:00	SAMPLE_GAP	4.2s between samples
2026-09-13T03:35:08.424677+00:00	SAMPLE_GAP	4.2s between samples
2026-09-13T03:35:12.596950+00:00	SAMPLE_GAP	4.2s between samples
2026-09-13T03:35:16.784836+00:00	SAMPLE_GAP	4.2s between samples
2026-09-13T03:35:21.051260+00:00	SAMPLE_GAP	4.2s between samples
2026-09-13T03:35:25.317266+00:00	SAMPLE_GAP	4.3s between samples
2026-09-13T03:35:29.489994+00:00	SAMPLE_GAP	4.3s between samples
2026-09-13T03:35:29.489994+00:00	LEVEL	idle -> E01 (state=drain)
2026-09-13T03:35:29.489994+00:00	SAMPLE_GAP	4.2s between samples
2026-09-13T03:38:12.163142+00:00	LEVEL	E01 -> E02 (state=drain)
2026-09-13T03:43:53.721997+00:00	LEVEL	E02 -> E03 (state=drain)
2026-09-13T03:54:36.657790+00:00	LEVEL	E03 -> E04 (state=reset)
2026-09-13T04:04:10.827906+00:00	SAMPLE_GAP	3.6s between samples
2026-09-13T04:04:42.093947+00:00	SAMPLE_GAP	4.1s between samples
2026-09-13T04:05:11.889019+00:00	SAMPLE_GAP	3.7s between samples
2026-09-13T04:06:26.386746+00:00	SAMPLE_GAP	17.1s between samples
2026-09-13T04:06:33.215696+00:00	SAMPLE_GAP	30.2s between samples
2026-09-13T04:06:55.844398+00:00	SAMPLE_GAP	6.8s between samples
2026-09-13T04:06:55.844398+00:00	SAMPLE_GAP	22.6s between samples
2026-09-13T04:07:12.506033+00:00	SAMPLE_GAP	4.4s between samples
2026-09-13T04:07:16.897038+00:00	SAMPLE_GAP	4.3s between samples
2026-09-13T04:07:21.100543+00:00	SAMPLE_GAP	4.4s between samples
2026-09-13T04:07:25.273208+00:00	SAMPLE_GAP	4.2s between samples
2026-09-13T04:07:29.445479+00:00	SAMPLE_GAP	4.2s between samples
2026-09-13T04:07:33.618139+00:00	SAMPLE_GAP	4.2s between samples
2026-09-13T04:07:37.774788+00:00	SAMPLE_GAP	4.2s between samples
2026-09-13T04:07:41.962676+00:00	SAMPLE_GAP	4.2s between samples
2026-09-13T04:07:46.135353+00:00	SAMPLE_GAP	4.2s between samples
2026-09-13T04:07:50.291986+00:00	SAMPLE_GAP	4.2s between samples
2026-09-13T04:07:54.495898+00:00	SAMPLE_GAP	4.2s between samples
2026-09-13T04:07:58.652535+00:00	SAMPLE_GAP	4.2s between samples
2026-09-13T04:08:02.840414+00:00	SAMPLE_GAP	4.2s between samples
2026-09-13T04:08:07.044333+00:00	SAMPLE_GAP	4.2s between samples
2026-09-13T04:08:11.404094+00:00	SAMPLE_GAP	4.2s between samples
2026-09-13T04:08:15.592426+00:00	SAMPLE_GAP	4.4s between samples
2026-09-13T04:08:19.764675+00:00	SAMPLE_GAP	4.2s between samples
2026-09-13T04:08:23.936923+00:00	SAMPLE_GAP	4.2s between samples
2026-09-13T04:08:28.093975+00:00	SAMPLE_GAP	4.2s between samples
2026-09-13T04:08:32.281868+00:00	SAMPLE_GAP	4.2s between samples
2026-09-13T04:08:36.454131+00:00	SAMPLE_GAP	4.2s between samples
2026-09-13T04:08:40.767406+00:00	SAMPLE_GAP	4.2s between samples
2026-09-13T04:08:44.970911+00:00	SAMPLE_GAP	4.3s between samples
2026-09-13T04:08:49.143579+00:00	SAMPLE_GAP	4.2s between samples
2026-09-13T04:08:53.300227+00:00	SAMPLE_GAP	4.2s between samples
2026-09-13T04:08:57.488526+00:00	SAMPLE_GAP	4.2s between samples
2026-09-13T04:09:01.660800+00:00	SAMPLE_GAP	4.2s between samples
2026-09-13T04:09:05.832559+00:00	SAMPLE_GAP	4.2s between samples
2026-09-13T04:09:10.005229+00:00	SAMPLE_GAP	4.2s between samples
2026-09-13T04:09:14.193116+00:00	SAMPLE_GAP	4.2s between samples
2026-09-13T04:09:18.349770+00:00	SAMPLE_GAP	4.2s between samples
2026-09-13T04:09:22.522444+00:00	SAMPLE_GAP	4.2s between samples
2026-09-13T04:09:26.694688+00:00	SAMPLE_GAP	4.2s between samples
2026-09-13T04:09:30.882981+00:00	SAMPLE_GAP	4.2s between samples
2026-09-13T04:09:35.055236+00:00	SAMPLE_GAP	4.2s between samples
2026-09-13T04:09:39.211869+00:00	SAMPLE_GAP	4.2s between samples
2026-09-13T04:09:43.400174+00:00	SAMPLE_GAP	4.2s between samples
2026-09-13T04:09:47.572441+00:00	SAMPLE_GAP	4.2s between samples
2026-09-13T04:09:51.745111+00:00	SAMPLE_GAP	4.2s between samples
2026-09-13T04:09:55.932982+00:00	SAMPLE_GAP	4.2s between samples
2026-09-13T04:10:00.105257+00:00	SAMPLE_GAP	4.2s between samples
2026-09-13T04:10:04.277928+00:00	SAMPLE_GAP	4.2s between samples
2026-09-13T04:10:08.450189+00:00	SAMPLE_GAP	4.2s between samples
2026-09-13T04:10:12.622449+00:00	SAMPLE_GAP	4.2s between samples
2026-09-13T04:10:16.888461+00:00	SAMPLE_GAP	4.2s between samples
2026-09-13T04:10:21.170092+00:00	SAMPLE_GAP	4.3s between samples
2026-09-13T04:10:25.327154+00:00	SAMPLE_GAP	4.3s between samples
2026-09-13T04:10:30.609185+00:00	SAMPLE_GAP	4.2s between samples
2026-09-13T04:10:36.875584+00:00	SAMPLE_GAP	5.3s between samples
2026-09-13T04:10:41.063486+00:00	SAMPLE_GAP	6.3s between samples
2026-09-13T04:10:45.220123+00:00	SAMPLE_GAP	4.2s between samples
2026-09-13T04:10:49.392808+00:00	SAMPLE_GAP	4.2s between samples
2026-09-13T04:10:53.565080+00:00	SAMPLE_GAP	4.2s between samples
2026-09-13T04:10:57.737224+00:00	SAMPLE_GAP	4.2s between samples
2026-09-13T04:11:01.925112+00:00	SAMPLE_GAP	4.2s between samples
2026-09-13T04:11:06.097361+00:00	SAMPLE_GAP	4.2s between samples
2026-09-13T04:11:10.316906+00:00	SAMPLE_GAP	4.2s between samples
2026-09-13T04:11:14.504810+00:00	SAMPLE_GAP	4.2s between samples
2026-09-13T04:11:18.677503+00:00	SAMPLE_GAP	4.2s between samples
2026-09-13T04:11:22.834135+00:00	SAMPLE_GAP	4.2s between samples
2026-09-13T04:11:27.006390+00:00	SAMPLE_GAP	4.2s between samples
2026-09-13T04:11:31.210308+00:00	SAMPLE_GAP	4.2s between samples
2026-09-13T04:11:35.398180+00:00	SAMPLE_GAP	4.2s between samples
2026-09-13T04:11:39.554820+00:00	SAMPLE_GAP	4.2s between samples
2026-09-13T04:11:43.727503+00:00	SAMPLE_GAP	4.2s between samples
2026-09-13T04:11:47.899753+00:00	SAMPLE_GAP	4.2s between samples
2026-09-13T04:11:52.072428+00:00	SAMPLE_GAP	4.2s between samples
2026-09-13T04:11:56.244692+00:00	SAMPLE_GAP	4.2s between samples
2026-09-13T04:12:00.416952+00:00	SAMPLE_GAP	4.2s between samples
2026-09-13T04:12:04.589605+00:00	SAMPLE_GAP	4.2s between samples
2026-09-13T04:12:08.761855+00:00	SAMPLE_GAP	4.2s between samples
2026-09-13T04:12:12.918515+00:00	SAMPLE_GAP	4.2s between samples
2026-09-13T04:12:17.106383+00:00	SAMPLE_GAP	4.2s between samples
2026-09-13T04:12:21.263023+00:00	SAMPLE_GAP	4.2s between samples
2026-09-13T04:12:25.435692+00:00	SAMPLE_GAP	4.2s between samples
2026-09-13T04:12:29.607960+00:00	SAMPLE_GAP	4.2s between samples
2026-09-13T04:12:33.765016+00:00	SAMPLE_GAP	4.2s between samples
2026-09-13T04:12:37.952892+00:00	SAMPLE_GAP	4.2s between samples
2026-09-13T04:12:42.125151+00:00	SAMPLE_GAP	4.2s between samples
2026-09-13T04:12:46.297819+00:00	SAMPLE_GAP	4.2s between samples
2026-09-13T04:12:50.485286+00:00	SAMPLE_GAP	4.2s between samples
2026-09-13T04:12:54.657950+00:00	SAMPLE_GAP	4.2s between samples
2026-09-13T04:12:58.814588+00:00	SAMPLE_GAP	4.2s between samples
2026-09-13T04:13:03.002464+00:00	SAMPLE_GAP	4.2s between samples
2026-09-13T04:13:07.159512+00:00	SAMPLE_GAP	4.2s between samples
2026-09-13T04:13:11.331782+00:00	SAMPLE_GAP	4.2s between samples
2026-09-13T04:13:15.488420+00:00	SAMPLE_GAP	4.2s between samples
2026-09-13T04:13:19.661092+00:00	SAMPLE_GAP	4.2s between samples
2026-09-13T04:13:23.833333+00:00	SAMPLE_GAP	4.2s between samples
2026-09-13T04:13:27.990370+00:00	SAMPLE_GAP	4.2s between samples
2026-09-13T04:13:32.365768+00:00	SAMPLE_GAP	4.2s between samples
2026-09-13T04:13:36.538023+00:00	SAMPLE_GAP	4.4s between samples
2026-09-13T04:13:40.710693+00:00	SAMPLE_GAP	4.2s between samples
2026-09-13T04:13:44.867349+00:00	SAMPLE_GAP	4.2s between samples
2026-09-13T04:13:49.055622+00:00	SAMPLE_GAP	4.2s between samples
2026-09-13T04:13:53.212247+00:00	SAMPLE_GAP	4.2s between samples
2026-09-13T04:13:57.415761+00:00	SAMPLE_GAP	4.2s between samples
2026-09-13T04:14:01.572822+00:00	SAMPLE_GAP	4.2s between samples
2026-09-13T04:14:05.745067+00:00	SAMPLE_GAP	4.2s between samples
2026-09-13T04:14:10.105234+00:00	SAMPLE_GAP	4.2s between samples
2026-09-13T04:14:14.277499+00:00	SAMPLE_GAP	4.4s between samples
2026-09-13T04:14:18.449766+00:00	SAMPLE_GAP	4.2s between samples
2026-09-13T04:14:22.622434+00:00	SAMPLE_GAP	4.2s between samples
2026-09-13T04:14:33.299271+00:00	SAMPLE_GAP	4.2s between samples
2026-09-13T04:14:37.753225+00:00	SAMPLE_GAP	10.7s between samples
2026-09-13T04:14:41.925472+00:00	SAMPLE_GAP	4.5s between samples
2026-09-13T04:14:46.098131+00:00	SAMPLE_GAP	4.2s between samples
2026-09-13T04:14:50.270390+00:00	SAMPLE_GAP	4.2s between samples
2026-09-13T04:14:54.458275+00:00	SAMPLE_GAP	4.2s between samples
2026-09-13T04:14:58.615313+00:00	SAMPLE_GAP	4.2s between samples
2026-09-13T04:15:02.803188+00:00	SAMPLE_GAP	4.2s between samples
2026-09-13T04:15:06.975853+00:00	SAMPLE_GAP	4.2s between samples
2026-09-13T04:15:11.148117+00:00	SAMPLE_GAP	4.2s between samples
2026-09-13T04:15:15.304752+00:00	SAMPLE_GAP	4.2s between samples
2026-09-13T04:15:19.493842+00:00	SAMPLE_GAP	4.2s between samples
2026-09-13T04:15:23.650490+00:00	SAMPLE_GAP	4.2s between samples
2026-09-13T04:15:23.666098+00:00	LEVEL	E04 -> E05 (state=reset)
2026-09-13T04:15:23.666098+00:00	SAMPLE_GAP	4.2s between samples
2026-09-13T04:25:00.828792+00:00	SAMPLE_GAP	4.4s between samples
2026-09-13T04:25:30.860678+00:00	SAMPLE_GAP	3.9s between samples
2026-09-13T04:26:00.907304+00:00	SAMPLE_GAP	3.9s between samples
2026-09-13T04:27:08.572264+00:00	SAMPLE_GAP	4.3s between samples
2026-09-13T04:27:13.698058+00:00	SAMPLE_GAP	37.3s between samples
2026-09-13T04:27:35.841024+00:00	SAMPLE_GAP	5.1s between samples
2026-09-13T04:27:39.982037+00:00	SAMPLE_GAP	22.1s between samples
2026-09-13T04:27:44.154705+00:00	SAMPLE_GAP	4.2s between samples
2026-09-13T04:27:48.326977+00:00	SAMPLE_GAP	4.2s between samples
2026-09-13T04:27:52.515283+00:00	SAMPLE_GAP	4.2s between samples
2026-09-13T04:27:56.718802+00:00	SAMPLE_GAP	4.2s between samples
2026-09-13T04:28:00.875462+00:00	SAMPLE_GAP	4.2s between samples
2026-09-13T04:28:05.048150+00:00	SAMPLE_GAP	4.2s between samples
2026-09-13T04:28:09.220406+00:00	SAMPLE_GAP	4.2s between samples
2026-09-13T04:28:13.377485+00:00	SAMPLE_GAP	4.2s between samples
2026-09-13T04:28:17.565382+00:00	SAMPLE_GAP	4.2s between samples
2026-09-13T04:28:21.768915+00:00	SAMPLE_GAP	4.2s between samples
2026-09-13T04:28:25.957231+00:00	SAMPLE_GAP	4.2s between samples
2026-09-13T04:28:30.145121+00:00	SAMPLE_GAP	4.2s between samples
2026-09-13T04:28:34.317303+00:00	SAMPLE_GAP	4.2s between samples
2026-09-13T04:28:38.598952+00:00	SAMPLE_GAP	4.2s between samples
2026-09-13T04:28:42.771203+00:00	SAMPLE_GAP	4.3s between samples
2026-09-13T04:28:46.959528+00:00	SAMPLE_GAP	4.2s between samples
2026-09-13T04:28:51.116161+00:00	SAMPLE_GAP	4.2s between samples
2026-09-13T04:28:55.288843+00:00	SAMPLE_GAP	4.2s between samples
2026-09-13T04:28:59.476739+00:00	SAMPLE_GAP	4.2s between samples
2026-09-13T04:29:03.664640+00:00	SAMPLE_GAP	4.2s between samples
2026-09-13T04:29:07.837320+00:00	SAMPLE_GAP	4.2s between samples
2026-09-13T04:29:12.025214+00:00	SAMPLE_GAP	4.2s between samples
2026-09-13T04:29:16.401041+00:00	SAMPLE_GAP	4.2s between samples
2026-09-13T04:29:20.573293+00:00	SAMPLE_GAP	4.4s between samples
2026-09-13T04:29:24.745572+00:00	SAMPLE_GAP	4.2s between samples
2026-09-13T04:29:28.918246+00:00	SAMPLE_GAP	4.2s between samples
2026-09-13T04:29:33.090514+00:00	SAMPLE_GAP	4.2s between samples
2026-09-13T04:29:37.263207+00:00	SAMPLE_GAP	4.2s between samples
2026-09-13T04:29:41.435473+00:00	SAMPLE_GAP	4.2s between samples
2026-09-13T04:29:45.607736+00:00	SAMPLE_GAP	4.2s between samples
2026-09-13T04:29:49.764291+00:00	SAMPLE_GAP	4.2s between samples
2026-09-13T04:29:53.936573+00:00	SAMPLE_GAP	4.2s between samples
2026-09-13T04:29:58.108827+00:00	SAMPLE_GAP	4.2s between samples
2026-09-13T04:30:02.297162+00:00	SAMPLE_GAP	4.2s between samples
2026-09-13T04:30:06.469442+00:00	SAMPLE_GAP	4.2s between samples
2026-09-13T04:30:10.642121+00:00	SAMPLE_GAP	4.2s between samples
2026-09-13T04:30:14.923779+00:00	SAMPLE_GAP	4.2s between samples
2026-09-13T04:30:19.111654+00:00	SAMPLE_GAP	4.3s between samples
2026-09-13T04:30:23.440637+00:00	SAMPLE_GAP	4.2s between samples
2026-09-13T04:30:27.612898+00:00	SAMPLE_GAP	4.3s between samples
2026-09-13T04:30:31.800697+00:00	SAMPLE_GAP	4.2s between samples
2026-09-13T04:30:35.972965+00:00	SAMPLE_GAP	4.2s between samples
2026-09-13T04:30:40.145237+00:00	SAMPLE_GAP	4.2s between samples
2026-09-13T04:30:44.317920+00:00	SAMPLE_GAP	4.2s between samples
2026-09-13T04:30:48.474556+00:00	SAMPLE_GAP	4.2s between samples
2026-09-13T04:30:52.662904+00:00	SAMPLE_GAP	4.2s between samples
2026-09-13T04:30:56.975794+00:00	SAMPLE_GAP	4.2s between samples
2026-09-13T04:31:01.148047+00:00	SAMPLE_GAP	4.3s between samples
2026-09-13T04:31:05.305096+00:00	SAMPLE_GAP	4.2s between samples
2026-09-13T04:31:09.477383+00:00	SAMPLE_GAP	4.2s between samples
2026-09-13T04:31:13.650069+00:00	SAMPLE_GAP	4.2s between samples
2026-09-13T04:31:17.822341+00:00	SAMPLE_GAP	4.2s between samples
2026-09-13T04:31:21.994601+00:00	SAMPLE_GAP	4.2s between samples
2026-09-13T04:31:26.167300+00:00	SAMPLE_GAP	4.2s between samples
2026-09-13T04:31:30.323942+00:00	SAMPLE_GAP	4.2s between samples
2026-09-13T04:31:34.496617+00:00	SAMPLE_GAP	4.2s between samples
2026-09-13T04:31:38.684509+00:00	SAMPLE_GAP	4.2s between samples
2026-09-13T04:31:42.934488+00:00	SAMPLE_GAP	4.2s between samples
2026-09-13T04:31:47.122810+00:00	SAMPLE_GAP	4.2s between samples
2026-09-13T04:31:51.373194+00:00	SAMPLE_GAP	4.2s between samples
2026-09-13T04:31:55.530270+00:00	SAMPLE_GAP	4.3s between samples
2026-09-13T04:31:59.702551+00:00	SAMPLE_GAP	4.2s between samples
2026-09-13T04:32:03.859196+00:00	SAMPLE_GAP	4.2s between samples
2026-09-13T04:32:08.047554+00:00	SAMPLE_GAP	4.2s between samples
2026-09-13T04:32:12.204156+00:00	SAMPLE_GAP	4.2s between samples
2026-09-13T04:32:16.548189+00:00	SAMPLE_GAP	4.2s between samples
2026-09-13T04:32:20.736104+00:00	SAMPLE_GAP	4.4s between samples
2026-09-13T04:32:24.908370+00:00	SAMPLE_GAP	4.2s between samples
2026-09-13T04:32:29.081042+00:00	SAMPLE_GAP	4.2s between samples
2026-09-13T04:32:33.237699+00:00	SAMPLE_GAP	4.2s between samples
2026-09-13T04:32:37.426000+00:00	SAMPLE_GAP	4.2s between samples
2026-09-13T04:32:41.598266+00:00	SAMPLE_GAP	4.2s between samples
2026-09-13T04:32:45.770543+00:00	SAMPLE_GAP	4.2s between samples
2026-09-13T04:32:49.927603+00:00	SAMPLE_GAP	4.2s between samples
2026-09-13T04:32:54.084261+00:00	SAMPLE_GAP	4.2s between samples
2026-09-13T04:32:58.259536+00:00	SAMPLE_GAP	4.2s between samples
2026-09-13T04:33:02.413593+00:00	SAMPLE_GAP	4.2s between samples
2026-09-13T04:33:06.585894+00:00	SAMPLE_GAP	4.2s between samples
2026-09-13T04:33:10.742960+00:00	SAMPLE_GAP	4.2s between samples
2026-09-13T04:33:14.899612+00:00	SAMPLE_GAP	4.2s between samples
2026-09-13T04:33:19.071865+00:00	SAMPLE_GAP	4.2s between samples
2026-09-13T04:33:23.385172+00:00	SAMPLE_GAP	4.2s between samples
2026-09-13T04:33:27.557449+00:00	SAMPLE_GAP	4.3s between samples
2026-09-13T04:33:31.729620+00:00	SAMPLE_GAP	4.2s between samples
2026-09-13T04:33:35.917528+00:00	SAMPLE_GAP	4.2s between samples
2026-09-13T04:33:40.074184+00:00	SAMPLE_GAP	4.2s between samples
2026-09-13T04:33:44.246842+00:00	SAMPLE_GAP	4.2s between samples
2026-09-13T04:33:48.403507+00:00	SAMPLE_GAP	4.2s between samples
2026-09-13T04:33:52.560558+00:00	SAMPLE_GAP	4.2s between samples
2026-09-13T04:33:56.732817+00:00	SAMPLE_GAP	4.2s between samples
2026-09-13T04:34:00.889474+00:00	SAMPLE_GAP	4.2s between samples
2026-09-13T04:34:05.046529+00:00	SAMPLE_GAP	4.2s between samples
2026-09-13T04:34:09.203172+00:00	SAMPLE_GAP	4.2s between samples
2026-09-13T04:34:13.375902+00:00	SAMPLE_GAP	4.2s between samples
2026-09-13T04:34:17.563777+00:00	SAMPLE_GAP	4.2s between samples
2026-09-13T04:34:21.720427+00:00	SAMPLE_GAP	4.2s between samples
2026-09-13T04:34:25.877478+00:00	SAMPLE_GAP	4.2s between samples
2026-09-13T04:34:32.457634+00:00	SAMPLE_GAP	4.2s between samples
2026-09-13T04:34:38.508236+00:00	SAMPLE_GAP	6.6s between samples
2026-09-13T04:34:42.680491+00:00	SAMPLE_GAP	6.1s between samples
2026-09-13T04:34:46.853193+00:00	SAMPLE_GAP	4.2s between samples
2026-09-13T04:34:51.025451+00:00	SAMPLE_GAP	4.2s between samples
2026-09-13T04:34:55.182111+00:00	SAMPLE_GAP	4.2s between samples
2026-09-13T04:34:59.354281+00:00	SAMPLE_GAP	4.2s between samples
2026-09-13T04:35:03.510918+00:00	SAMPLE_GAP	4.2s between samples
2026-09-13T04:35:07.667976+00:00	SAMPLE_GAP	4.2s between samples
2026-09-13T04:35:11.840256+00:00	SAMPLE_GAP	4.2s between samples
2026-09-13T04:35:16.012528+00:00	SAMPLE_GAP	4.2s between samples
2026-09-13T04:35:20.169591+00:00	SAMPLE_GAP	4.2s between samples
2026-09-13T04:35:24.341864+00:00	SAMPLE_GAP	4.2s between samples
2026-09-13T04:35:28.514548+00:00	SAMPLE_GAP	4.2s between samples
2026-09-13T04:35:32.671187+00:00	SAMPLE_GAP	4.2s between samples
2026-09-13T04:35:36.827840+00:00	SAMPLE_GAP	4.2s between samples
2026-09-13T04:35:41.000020+00:00	SAMPLE_GAP	4.2s between samples
2026-09-13T04:35:45.172291+00:00	SAMPLE_GAP	4.2s between samples
2026-09-13T04:35:49.352560+00:00	SAMPLE_GAP	4.2s between samples
2026-09-13T04:35:53.532855+00:00	SAMPLE_GAP	4.2s between samples
2026-09-13T04:35:57.705140+00:00	SAMPLE_GAP	4.2s between samples
2026-09-13T04:36:01.862206+00:00	SAMPLE_GAP	4.2s between samples
2026-09-13T04:36:06.034484+00:00	SAMPLE_GAP	4.2s between samples
2026-09-13T04:36:10.191116+00:00	SAMPLE_GAP	4.2s between samples
2026-09-13T04:36:14.348188+00:00	SAMPLE_GAP	4.2s between samples
2026-09-13T04:36:18.504828+00:00	SAMPLE_GAP	4.2s between samples
2026-09-13T04:36:22.661868+00:00	SAMPLE_GAP	4.2s between samples
2026-09-13T04:36:27.115385+00:00	SAMPLE_GAP	4.2s between samples
2026-09-13T04:36:31.272039+00:00	SAMPLE_GAP	4.4s between samples
2026-09-13T04:36:35.444700+00:00	SAMPLE_GAP	4.2s between samples
2026-09-13T04:36:39.632599+00:00	SAMPLE_GAP	4.2s between samples
2026-09-13T04:36:43.789669+00:00	SAMPLE_GAP	4.2s between samples
2026-09-13T04:36:47.961519+00:00	SAMPLE_GAP	4.2s between samples
2026-09-13T04:36:52.133777+00:00	SAMPLE_GAP	4.2s between samples
2026-09-13T04:36:56.306457+00:00	SAMPLE_GAP	4.2s between samples
2026-09-13T04:37:00.463109+00:00	SAMPLE_GAP	4.2s between samples
2026-09-13T04:37:04.635797+00:00	SAMPLE_GAP	4.2s between samples
2026-09-13T04:37:08.792453+00:00	SAMPLE_GAP	4.2s between samples
2026-09-13T04:37:12.949093+00:00	SAMPLE_GAP	4.2s between samples
2026-09-13T04:37:17.106160+00:00	SAMPLE_GAP	4.2s between samples
2026-09-13T04:37:21.263824+00:00	SAMPLE_GAP	4.2s between samples
2026-09-13T04:37:25.436524+00:00	SAMPLE_GAP	4.2s between samples
2026-09-13T04:37:29.593171+00:00	SAMPLE_GAP	4.2s between samples
2026-09-13T04:37:33.749801+00:00	SAMPLE_GAP	4.2s between samples
2026-09-13T04:37:38.046977+00:00	SAMPLE_GAP	4.2s between samples
2026-09-13T04:37:42.219284+00:00	SAMPLE_GAP	4.3s between samples
2026-09-13T04:37:46.375923+00:00	SAMPLE_GAP	4.2s between samples
2026-09-13T04:37:50.549117+00:00	SAMPLE_GAP	4.2s between samples
2026-09-13T04:37:54.705757+00:00	SAMPLE_GAP	4.2s between samples
2026-09-13T04:37:59.706568+00:00	SAMPLE_GAP	4.2s between samples
2026-09-13T04:38:09.151159+00:00	SAMPLE_GAP	5.0s between samples
2026-09-13T04:38:14.307703+00:00	SAMPLE_GAP	9.4s between samples
2026-09-13T04:38:18.465179+00:00	SAMPLE_GAP	5.2s between samples
2026-09-13T04:38:22.622946+00:00	SAMPLE_GAP	4.1s between samples
2026-09-13T04:38:26.779913+00:00	SAMPLE_GAP	4.2s between samples
2026-09-13T04:38:30.952177+00:00	SAMPLE_GAP	4.2s between samples
2026-09-13T04:38:35.109221+00:00	SAMPLE_GAP	4.2s between samples
2026-09-13T04:38:39.265864+00:00	SAMPLE_GAP	4.2s between samples
2026-09-13T04:38:43.454147+00:00	SAMPLE_GAP	4.2s between samples
2026-09-13T04:38:47.610791+00:00	SAMPLE_GAP	4.2s between samples
2026-09-13T04:38:52.017434+00:00	SAMPLE_GAP	4.2s between samples
2026-09-13T04:38:56.174480+00:00	SAMPLE_GAP	4.4s between samples
2026-09-13T04:39:00.346745+00:00	SAMPLE_GAP	4.2s between samples
2026-09-13T04:39:04.519414+00:00	SAMPLE_GAP	4.2s between samples
2026-09-13T04:39:08.676049+00:00	SAMPLE_GAP	4.2s between samples
2026-09-13T04:39:12.848318+00:00	SAMPLE_GAP	4.2s between samples
2026-09-13T04:39:17.005359+00:00	SAMPLE_GAP	4.2s between samples
2026-09-13T04:39:21.177627+00:00	SAMPLE_GAP	4.2s between samples
2026-09-13T04:39:25.631550+00:00	SAMPLE_GAP	4.2s between samples
2026-09-13T04:39:29.803815+00:00	SAMPLE_GAP	4.5s between samples
2026-09-13T04:39:33.960452+00:00	SAMPLE_GAP	4.2s between samples
2026-09-13T04:39:38.132635+00:00	SAMPLE_GAP	4.2s between samples
2026-09-13T04:39:42.289275+00:00	SAMPLE_GAP	4.2s between samples
2026-09-13T04:39:46.445913+00:00	SAMPLE_GAP	4.2s between samples
2026-09-13T04:39:50.602963+00:00	SAMPLE_GAP	4.2s between samples
2026-09-13T04:39:54.759596+00:00	SAMPLE_GAP	4.2s between samples
2026-09-13T04:39:59.151017+00:00	SAMPLE_GAP	4.2s between samples
2026-09-13T04:40:03.385773+00:00	SAMPLE_GAP	4.4s between samples
2026-09-13T04:40:07.542819+00:00	SAMPLE_GAP	4.2s between samples
2026-09-13T04:40:11.699468+00:00	SAMPLE_GAP	4.2s between samples
2026-09-13T04:40:15.871730+00:00	SAMPLE_GAP	4.2s between samples
2026-09-13T04:40:20.028784+00:00	SAMPLE_GAP	4.2s between samples
2026-09-13T04:40:24.200536+00:00	SAMPLE_GAP	4.2s between samples
2026-09-13T04:40:28.357179+00:00	SAMPLE_GAP	4.2s between samples
2026-09-13T04:40:32.639224+00:00	SAMPLE_GAP	4.2s between samples
2026-09-13T04:40:36.811484+00:00	SAMPLE_GAP	4.3s between samples
2026-09-13T04:40:40.968554+00:00	SAMPLE_GAP	4.2s between samples
2026-09-13T04:40:45.140808+00:00	SAMPLE_GAP	4.2s between samples
2026-09-13T04:40:49.328690+00:00	SAMPLE_GAP	4.2s between samples
2026-09-13T04:40:53.501357+00:00	SAMPLE_GAP	4.2s between samples
2026-09-13T04:40:57.689240+00:00	SAMPLE_GAP	4.2s between samples
2026-09-13T04:41:01.861921+00:00	SAMPLE_GAP	4.2s between samples
2026-09-13T04:41:06.034188+00:00	SAMPLE_GAP	4.2s between samples
2026-09-13T04:41:10.190831+00:00	SAMPLE_GAP	4.2s between samples
2026-09-13T04:41:14.363491+00:00	SAMPLE_GAP	4.2s between samples
2026-09-13T04:41:18.645136+00:00	SAMPLE_GAP	4.2s between samples
2026-09-13T04:41:22.911555+00:00	SAMPLE_GAP	4.3s between samples
2026-09-13T04:41:28.521313+00:00	SAMPLE_GAP	4.3s between samples
2026-09-13T04:41:37.621256+00:00	SAMPLE_GAP	5.6s between samples
2026-09-13T04:41:42.402896+00:00	SAMPLE_GAP	9.1s between samples
2026-09-13T04:41:46.559928+00:00	SAMPLE_GAP	4.8s between samples
2026-09-13T04:41:50.716566+00:00	SAMPLE_GAP	4.2s between samples
2026-09-13T04:41:54.888831+00:00	SAMPLE_GAP	4.2s between samples
2026-09-13T04:41:59.045374+00:00	SAMPLE_GAP	4.2s between samples
2026-09-13T04:42:03.202009+00:00	SAMPLE_GAP	4.2s between samples
2026-09-13T04:42:07.358652+00:00	SAMPLE_GAP	4.2s between samples
2026-09-13T04:42:11.750070+00:00	SAMPLE_GAP	4.2s between samples
2026-09-13T04:42:15.922321+00:00	SAMPLE_GAP	4.4s between samples
2026-09-13T04:42:20.329385+00:00	SAMPLE_GAP	4.2s between samples
2026-09-13T04:42:24.501649+00:00	SAMPLE_GAP	4.4s between samples
2026-09-13T04:42:28.658714+00:00	SAMPLE_GAP	4.2s between samples
2026-09-13T04:42:32.815348+00:00	SAMPLE_GAP	4.2s between samples
2026-09-13T04:42:36.987622+00:00	SAMPLE_GAP	4.2s between samples
2026-09-13T04:42:41.175922+00:00	SAMPLE_GAP	4.2s between samples
2026-09-13T04:42:45.535691+00:00	SAMPLE_GAP	4.2s between samples
2026-09-13T04:42:49.708362+00:00	SAMPLE_GAP	4.4s between samples
2026-09-13T04:42:53.865004+00:00	SAMPLE_GAP	4.2s between samples
2026-09-13T04:42:58.037269+00:00	SAMPLE_GAP	4.2s between samples
2026-09-13T04:43:02.209940+00:00	SAMPLE_GAP	4.2s between samples
2026-09-13T04:43:06.366577+00:00	SAMPLE_GAP	4.2s between samples
2026-09-13T04:43:10.523211+00:00	SAMPLE_GAP	4.2s between samples
2026-09-13T04:43:14.680247+00:00	SAMPLE_GAP	4.2s between samples
2026-09-13T04:43:18.836379+00:00	SAMPLE_GAP	4.2s between samples
2026-09-13T04:43:22.993435+00:00	SAMPLE_GAP	4.2s between samples
2026-09-13T04:43:27.150068+00:00	SAMPLE_GAP	4.2s between samples
2026-09-13T04:43:31.337957+00:00	SAMPLE_GAP	4.2s between samples
2026-09-13T04:43:35.526254+00:00	SAMPLE_GAP	4.2s between samples
2026-09-13T04:43:39.698507+00:00	SAMPLE_GAP	4.2s between samples
2026-09-13T04:43:43.871180+00:00	SAMPLE_GAP	4.2s between samples
2026-09-13T04:43:48.043444+00:00	SAMPLE_GAP	4.2s between samples
2026-09-13T04:43:52.215707+00:00	SAMPLE_GAP	4.2s between samples
2026-09-13T04:43:56.388376+00:00	SAMPLE_GAP	4.2s between samples
2026-09-13T04:44:00.545015+00:00	SAMPLE_GAP	4.2s between samples
2026-09-13T04:44:04.717695+00:00	SAMPLE_GAP	4.2s between samples
2026-09-13T04:44:09.171204+00:00	SAMPLE_GAP	4.2s between samples
2026-09-13T04:44:13.327848+00:00	SAMPLE_GAP	4.5s between samples
2026-09-13T04:44:17.500506+00:00	SAMPLE_GAP	4.2s between samples
2026-09-13T04:44:21.657150+00:00	SAMPLE_GAP	4.2s between samples
2026-09-13T04:44:25.814189+00:00	SAMPLE_GAP	4.2s between samples
2026-09-13T04:44:30.158455+00:00	SAMPLE_GAP	4.2s between samples
2026-09-13T04:44:34.315094+00:00	SAMPLE_GAP	4.3s between samples
2026-09-13T04:44:38.472147+00:00	SAMPLE_GAP	4.2s between samples
2026-09-13T04:44:42.644406+00:00	SAMPLE_GAP	4.2s between samples
2026-09-13T04:44:46.817072+00:00	SAMPLE_GAP	4.2s between samples
2026-09-13T04:44:50.973710+00:00	SAMPLE_GAP	4.2s between samples
2026-09-13T04:44:55.349089+00:00	SAMPLE_GAP	4.2s between samples
2026-09-13T04:45:07.721264+00:00	SAMPLE_GAP	4.4s between samples
2026-09-13T04:45:14.832001+00:00	SAMPLE_GAP	12.4s between samples
2026-09-13T04:45:19.004546+00:00	SAMPLE_GAP	7.1s between samples
2026-09-13T04:45:23.161583+00:00	SAMPLE_GAP	4.2s between samples
2026-09-13T04:45:27.333852+00:00	SAMPLE_GAP	4.2s between samples
2026-09-13T04:45:31.506105+00:00	SAMPLE_GAP	4.2s between samples
2026-09-13T04:45:35.663138+00:00	SAMPLE_GAP	4.2s between samples
2026-09-13T04:45:39.897385+00:00	SAMPLE_GAP	4.2s between samples
2026-09-13T04:45:44.241939+00:00	SAMPLE_GAP	4.2s between samples
2026-09-13T04:45:48.398551+00:00	SAMPLE_GAP	4.3s between samples
2026-09-13T04:45:52.680597+00:00	SAMPLE_GAP	4.2s between samples
2026-09-13T04:45:56.869402+00:00	SAMPLE_GAP	4.3s between samples
2026-09-13T04:46:01.104149+00:00	SAMPLE_GAP	4.2s between samples
2026-09-13T04:46:05.339297+00:00	SAMPLE_GAP	4.2s between samples
2026-09-13T04:46:05.339297+00:00	LEVEL	E05 -> idle (state=idle)
2026-09-13T04:46:09.495940+00:00	SAMPLE_GAP	4.2s between samples
